[2026-05-08 14:19:20] INFO: 🚀 Iniciando investigación diaria de arquitectura IA
[2026-05-08 14:19:20] INFO: ============================================================
[2026-05-08 14:19:20] INFO: 📡 Buscando papers en ArXiv...
[2026-05-08 14:19:50] ERROR: ❌ Error conectando a ArXiv: The read operation timed out
[2026-05-08 14:19:50] INFO: 🐙 Buscando repositorios trending en GitHub...
[2026-05-08 14:19:50] INFO: ✅ 10 repositorios obtenidos de GitHub
[2026-05-08 14:19:50] INFO: 📄 Buscando en Papers With Code...
[2026-05-08 14:19:51] ERROR: ❌ Error Papers With Code: Expecting value: line 1 column 1 (char 0)
[2026-05-08 14:19:51] INFO: 🔍 Analizando datos obtenidos...
[2026-05-08 14:19:51] INFO: 📝 Generando reporte Markdown...
[2026-05-08 14:19:51] INFO: 💾 JSON guardado: /workspace/knowledge_base/investigacion_2026-05-08.json
[2026-05-08 14:19:51] INFO: 📄 Reporte guardado: /workspace/knowledge_base/reporte_2026-05-08.md
[2026-05-08 14:19:51] INFO: 🔄 Actualizando skill 'arquitecto-ia-investigador'...
[2026-05-08 14:19:51] WARN: ⚠️ Skill no encontrado, no se actualizará
[2026-05-08 14:19:51] INFO: ============================================================
[2026-05-08 14:19:51] INFO: ✅ Investigación completada exitosamente!
[2026-05-08 14:19:51] INFO:    - 0 papers académicos
[2026-05-08 14:19:51] INFO:    - 10 repositorios GitHub
[2026-05-08 14:19:51] INFO:    - 0 papers con código
[2026-05-08 14:19:51] INFO:    - 1 keywords únicas
[2026-05-08 14:19:51] INFO:    - 1 frameworks detectados
[2026-05-08 14:19:51] INFO:    - Reporte: knowledge_base/reporte_2026-05-08.md
[2026-05-08 14:20:27] INFO: 🚀 Iniciando investigación diaria de arquitectura IA
[2026-05-08 14:20:27] INFO: ============================================================
[2026-05-08 14:20:27] INFO: 📡 Buscando papers en ArXiv...
[2026-05-08 14:20:43] ERROR: ❌ Error conectando a ArXiv: HTTP Error 429: Too Many Requests
[2026-05-08 14:20:43] INFO: 🐙 Buscando repositorios trending en GitHub...
[2026-05-08 14:20:43] INFO: ✅ 10 repositorios obtenidos de GitHub
[2026-05-08 14:20:43] INFO: 📄 Buscando en Papers With Code...
[2026-05-08 14:20:44] ERROR: ❌ Error Papers With Code: Expecting value: line 1 column 1 (char 0)
[2026-05-08 14:20:44] INFO: 🔍 Analizando datos obtenidos...
[2026-05-08 14:20:44] INFO: 📝 Generando reporte Markdown...
[2026-05-08 14:20:44] INFO: 💾 JSON guardado: /workspace/knowledge_base/investigacion_2026-05-08.json
[2026-05-08 14:20:44] INFO: 📄 Reporte guardado: /workspace/knowledge_base/reporte_2026-05-08.md
[2026-05-08 14:20:44] INFO: 🔄 Actualizando skill 'arquitecto-ia-investigador'...
[2026-05-08 14:20:44] INFO: ✅ Skill encontrado en: /opt/data/skills/devops/arquitecto-ia-investigador/SKILL.md
[2026-05-08 14:20:44] INFO: ✅ Skill actualizado: /opt/data/skills/devops/arquitecto-ia-investigador/SKILL.md
[2026-05-08 14:20:44] INFO: ============================================================
[2026-05-08 14:20:44] INFO: ✅ Investigación completada exitosamente!
[2026-05-08 14:20:44] INFO:    - 0 papers académicos
[2026-05-08 14:20:44] INFO:    - 10 repositorios GitHub
[2026-05-08 14:20:44] INFO:    - 0 papers con código
[2026-05-08 14:20:44] INFO:    - 1 keywords únicas
[2026-05-08 14:20:44] INFO:    - 1 frameworks detectados
[2026-05-08 14:20:44] INFO:    - Reporte: knowledge_base/reporte_2026-05-08.md
